Archive member included to satisfy reference by file (symbol)

/usr/local/mcuxpressoide-11.0.0_2516/ide/plugins/com.nxp.mcuxpresso.tools.linux_11.0.0.201905131304/tools/bin/../lib/gcc/arm-none-eabi/8.2.1/../../../../arm-none-eabi/lib/thumb/v7-m/nofp/libcr_c.a(__weak__main.o)
                              ./src/cr_startup_lpc175x_6x.o (__main)

Discarded input sections

 .group         0x0000000000000000        0xc ./src/sm/SM_blinking.o
 .group         0x0000000000000000        0xc ./src/sm/SM_blinking.o
 .group         0x0000000000000000        0xc ./src/sm/SM_blinking.o
 .group         0x0000000000000000        0xc ./src/sm/SM_blinking.o
 .group         0x0000000000000000        0xc ./src/sm/SM_blinking.o
 .group         0x0000000000000000        0xc ./src/sm/SM_blinking.o
 .text          0x0000000000000000        0x0 ./src/sm/SM_blinking.o
 .data          0x0000000000000000        0x0 ./src/sm/SM_blinking.o
 .bss           0x0000000000000000        0x0 ./src/sm/SM_blinking.o
 .group         0x0000000000000000        0xc ./src/sm/SM_operating.o
 .group         0x0000000000000000        0xc ./src/sm/SM_operating.o
 .group         0x0000000000000000        0xc ./src/sm/SM_operating.o
 .group         0x0000000000000000        0xc ./src/sm/SM_operating.o
 .text          0x0000000000000000        0x0 ./src/sm/SM_operating.o
 .data          0x0000000000000000        0x0 ./src/sm/SM_operating.o
 .bss           0x0000000000000000        0x0 ./src/sm/SM_operating.o
 .debug_macro   0x0000000000000000      0xa9c ./src/sm/SM_operating.o
 .debug_macro   0x0000000000000000       0x3a ./src/sm/SM_operating.o
 .group         0x0000000000000000        0xc ./src/sm/SM_standby.o
 .group         0x0000000000000000        0xc ./src/sm/SM_standby.o
 .group         0x0000000000000000        0xc ./src/sm/SM_standby.o
 .text          0x0000000000000000        0x0 ./src/sm/SM_standby.o
 .data          0x0000000000000000        0x0 ./src/sm/SM_standby.o
 .bss           0x0000000000000000        0x0 ./src/sm/SM_standby.o
 .debug_macro   0x0000000000000000      0xa9c ./src/sm/SM_standby.o
 .debug_macro   0x0000000000000000       0x3a ./src/sm/SM_standby.o
 .group         0x0000000000000000        0xc ./src/sm/SM_system.o
 .group         0x0000000000000000        0xc ./src/sm/SM_system.o
 .group         0x0000000000000000        0xc ./src/sm/SM_system.o
 .group         0x0000000000000000        0xc ./src/sm/SM_system.o
 .group         0x0000000000000000        0xc ./src/sm/SM_system.o
 .group         0x0000000000000000        0xc ./src/sm/SM_system.o
 .group         0x0000000000000000        0xc ./src/sm/SM_system.o
 .group         0x0000000000000000        0xc ./src/sm/SM_system.o
 .group         0x0000000000000000        0xc ./src/sm/SM_system.o
 .group         0x0000000000000000        0xc ./src/sm/SM_system.o
 .group         0x0000000000000000        0xc ./src/sm/SM_system.o
 .group         0x0000000000000000        0xc ./src/sm/SM_system.o
 .group         0x0000000000000000        0xc ./src/sm/SM_system.o
 .group         0x0000000000000000        0xc ./src/sm/SM_system.o
 .group         0x0000000000000000        0xc ./src/sm/SM_system.o
 .group         0x0000000000000000        0xc ./src/sm/SM_system.o
 .text          0x0000000000000000        0x0 ./src/sm/SM_system.o
 .data          0x0000000000000000        0x0 ./src/sm/SM_system.o
 .bss           0x0000000000000000        0x0 ./src/sm/SM_system.o
 .debug_macro   0x0000000000000000      0xa9c ./src/sm/SM_system.o
 .debug_macro   0x0000000000000000       0x3a ./src/sm/SM_system.o
 .debug_macro   0x0000000000000000       0x28 ./src/sm/SM_system.o
 .debug_macro   0x0000000000000000       0x2e ./src/sm/SM_system.o
 .debug_macro   0x0000000000000000       0x76 ./src/sm/SM_system.o
 .group         0x0000000000000000        0xc ./src/pr/PR_Keyboard.o
 .group         0x0000000000000000        0xc ./src/pr/PR_Keyboard.o
 .group         0x0000000000000000        0xc ./src/pr/PR_Keyboard.o
 .text          0x0000000000000000        0x0 ./src/pr/PR_Keyboard.o
 .data          0x0000000000000000        0x0 ./src/pr/PR_Keyboard.o
 .bss           0x0000000000000000        0x0 ./src/pr/PR_Keyboard.o
 .debug_macro   0x0000000000000000      0xa9c ./src/pr/PR_Keyboard.o
 .debug_macro   0x0000000000000000       0x3a ./src/pr/PR_Keyboard.o
 .group         0x0000000000000000        0xc ./src/pr/PR_LEDS.o
 .group         0x0000000000000000        0xc ./src/pr/PR_LEDS.o
 .group         0x0000000000000000        0xc ./src/pr/PR_LEDS.o
 .group         0x0000000000000000        0xc ./src/pr/PR_LEDS.o
 .group         0x0000000000000000        0xc ./src/pr/PR_LEDS.o
 .text          0x0000000000000000        0x0 ./src/pr/PR_LEDS.o
 .data          0x0000000000000000        0x0 ./src/pr/PR_LEDS.o
 .bss           0x0000000000000000        0x0 ./src/pr/PR_LEDS.o
 .text.LED_Status
                0x0000000000000000       0x4a ./src/pr/PR_LEDS.o
 .debug_macro   0x0000000000000000      0xa9c ./src/pr/PR_LEDS.o
 .debug_macro   0x0000000000000000       0x3a ./src/pr/PR_LEDS.o
 .debug_macro   0x0000000000000000       0x52 ./src/pr/PR_LEDS.o
 .group         0x0000000000000000        0xc ./src/pr/PR_Timers.o
 .group         0x0000000000000000        0xc ./src/pr/PR_Timers.o
 .group         0x0000000000000000        0xc ./src/pr/PR_Timers.o
 .group         0x0000000000000000        0xc ./src/pr/PR_Timers.o
 .text          0x0000000000000000        0x0 ./src/pr/PR_Timers.o
 .data          0x0000000000000000        0x0 ./src/pr/PR_Timers.o
 .bss           0x0000000000000000        0x0 ./src/pr/PR_Timers.o
 .text.TimerSetAndStart
                0x0000000000000000       0x30 ./src/pr/PR_Timers.o
 .text.TimerStop
                0x0000000000000000       0x68 ./src/pr/PR_Timers.o
 .text.GetTimerTime
                0x0000000000000000       0x28 ./src/pr/PR_Timers.o
 .text.TimerPause
                0x0000000000000000       0x44 ./src/pr/PR_Timers.o
 .text.TimerResume
                0x0000000000000000       0x5c ./src/pr/PR_Timers.o
 .text.TimersClear
                0x0000000000000000        0xc ./src/pr/PR_Timers.o
 .debug_macro   0x0000000000000000      0xa9c ./src/pr/PR_Timers.o
 .debug_macro   0x0000000000000000       0x3a ./src/pr/PR_Timers.o
 .debug_macro   0x0000000000000000       0x3a ./src/pr/PR_Timers.o
 .debug_macro   0x0000000000000000       0x76 ./src/pr/PR_Timers.o
 .group         0x0000000000000000        0xc ./src/pr/PR_UART.o
 .group         0x0000000000000000        0xc ./src/pr/PR_UART.o
 .group         0x0000000000000000        0xc ./src/pr/PR_UART.o
 .text          0x0000000000000000        0x0 ./src/pr/PR_UART.o
 .data          0x0000000000000000        0x0 ./src/pr/PR_UART.o
 .bss           0x0000000000000000        0x0 ./src/pr/PR_UART.o
 .text.SendData
                0x0000000000000000       0x40 ./src/pr/PR_UART.o
 .debug_info    0x0000000000000000      0x12f ./src/pr/PR_UART.o
 .debug_abbrev  0x0000000000000000       0xba ./src/pr/PR_UART.o
 .debug_aranges
                0x0000000000000000       0x20 ./src/pr/PR_UART.o
 .debug_ranges  0x0000000000000000       0x10 ./src/pr/PR_UART.o
 .debug_macro   0x0000000000000000       0x37 ./src/pr/PR_UART.o
 .debug_macro   0x0000000000000000      0xa9c ./src/pr/PR_UART.o
 .debug_macro   0x0000000000000000       0x3a ./src/pr/PR_UART.o
 .debug_macro   0x0000000000000000       0xca ./src/pr/PR_UART.o
 .debug_line    0x0000000000000000      0x10d ./src/pr/PR_UART.o
 .debug_str     0x0000000000000000     0x3304 ./src/pr/PR_UART.o
 .comment       0x0000000000000000       0x76 ./src/pr/PR_UART.o
 .debug_frame   0x0000000000000000       0x34 ./src/pr/PR_UART.o
 .ARM.attributes
                0x0000000000000000       0x2d ./src/pr/PR_UART.o
 .group         0x0000000000000000        0xc ./src/dr/DR_ADC.o
 .group         0x0000000000000000        0xc ./src/dr/DR_ADC.o
 .group         0x0000000000000000        0xc ./src/dr/DR_ADC.o
 .group         0x0000000000000000        0xc ./src/dr/DR_ADC.o
 .group         0x0000000000000000        0xc ./src/dr/DR_ADC.o
 .group         0x0000000000000000        0xc ./src/dr/DR_ADC.o
 .group         0x0000000000000000        0xc ./src/dr/DR_ADC.o
 .group         0x0000000000000000        0xc ./src/dr/DR_ADC.o
 .group         0x0000000000000000        0xc ./src/dr/DR_ADC.o
 .group         0x0000000000000000        0xc ./src/dr/DR_ADC.o
 .text          0x0000000000000000        0x0 ./src/dr/DR_ADC.o
 .data          0x0000000000000000        0x0 ./src/dr/DR_ADC.o
 .bss           0x0000000000000000        0x0 ./src/dr/DR_ADC.o
 .text.ADC_Initialize
                0x0000000000000000       0x8c ./src/dr/DR_ADC.o
 .text.DAC_Initialize
                0x0000000000000000       0x34 ./src/dr/DR_ADC.o
 .text.DAC_SetValue
                0x0000000000000000       0x14 ./src/dr/DR_ADC.o
 .debug_macro   0x0000000000000000      0xa9c ./src/dr/DR_ADC.o
 .debug_macro   0x0000000000000000       0x3a ./src/dr/DR_ADC.o
 .debug_macro   0x0000000000000000       0x40 ./src/dr/DR_ADC.o
 .debug_macro   0x0000000000000000       0x52 ./src/dr/DR_ADC.o
 .debug_macro   0x0000000000000000      0x136 ./src/dr/DR_ADC.o
 .debug_macro   0x0000000000000000       0x46 ./src/dr/DR_ADC.o
 .debug_macro   0x0000000000000000      0x166 ./src/dr/DR_ADC.o
 .debug_macro   0x0000000000000000       0xd0 ./src/dr/DR_ADC.o
 .debug_macro   0x0000000000000000      0x118 ./src/dr/DR_ADC.o
 .group         0x0000000000000000        0xc ./src/dr/DR_GPIO.o
 .group         0x0000000000000000        0xc ./src/dr/DR_GPIO.o
 .group         0x0000000000000000        0xc ./src/dr/DR_GPIO.o
 .text          0x0000000000000000        0x0 ./src/dr/DR_GPIO.o
 .data          0x0000000000000000        0x0 ./src/dr/DR_GPIO.o
 .bss           0x0000000000000000        0x0 ./src/dr/DR_GPIO.o
 .text.SetPIN_ALT
                0x0000000000000000       0x84 ./src/dr/DR_GPIO.o
 .debug_macro   0x0000000000000000      0xa9c ./src/dr/DR_GPIO.o
 .debug_macro   0x0000000000000000       0x3a ./src/dr/DR_GPIO.o
 .debug_macro   0x0000000000000000      0x130 ./src/dr/DR_GPIO.o
 .group         0x0000000000000000        0xc ./src/dr/DR_Keyboard.o
 .group         0x0000000000000000        0xc ./src/dr/DR_Keyboard.o
 .group         0x0000000000000000        0xc ./src/dr/DR_Keyboard.o
 .group         0x0000000000000000        0xc ./src/dr/DR_Keyboard.o
 .group         0x0000000000000000        0xc ./src/dr/DR_Keyboard.o
 .text          0x0000000000000000        0x0 ./src/dr/DR_Keyboard.o
 .data          0x0000000000000000        0x0 ./src/dr/DR_Keyboard.o
 .bss           0x0000000000000000        0x0 ./src/dr/DR_Keyboard.o
 .debug_macro   0x0000000000000000      0xa9c ./src/dr/DR_Keyboard.o
 .debug_macro   0x0000000000000000       0x3a ./src/dr/DR_Keyboard.o
 .debug_macro   0x0000000000000000       0x40 ./src/dr/DR_Keyboard.o
 .debug_macro   0x0000000000000000       0x52 ./src/dr/DR_Keyboard.o
 .debug_macro   0x0000000000000000      0x136 ./src/dr/DR_Keyboard.o
 .group         0x0000000000000000        0xc ./src/dr/DR_NVIC.o
 .group         0x0000000000000000        0xc ./src/dr/DR_NVIC.o
 .group         0x0000000000000000        0xc ./src/dr/DR_NVIC.o
 .group         0x0000000000000000        0xc ./src/dr/DR_NVIC.o
 .group         0x0000000000000000        0xc ./src/dr/DR_NVIC.o
 .group         0x0000000000000000        0xc ./src/dr/DR_NVIC.o
 .text          0x0000000000000000        0x0 ./src/dr/DR_NVIC.o
 .data          0x0000000000000000        0x0 ./src/dr/DR_NVIC.o
 .bss           0x0000000000000000        0x0 ./src/dr/DR_NVIC.o
 .text.NVIC_EINT_Enable
                0x0000000000000000      0x110 ./src/dr/DR_NVIC.o
 .text.NVIC_Enable
                0x0000000000000000       0x2c ./src/dr/DR_NVIC.o
 .text.NVIC_Disable
                0x0000000000000000       0x2c ./src/dr/DR_NVIC.o
 .debug_macro   0x0000000000000000      0xa9c ./src/dr/DR_NVIC.o
 .debug_macro   0x0000000000000000       0x3a ./src/dr/DR_NVIC.o
 .debug_macro   0x0000000000000000       0x46 ./src/dr/DR_NVIC.o
 .debug_macro   0x0000000000000000      0x166 ./src/dr/DR_NVIC.o
 .debug_macro   0x0000000000000000      0x136 ./src/dr/DR_NVIC.o
 .debug_macro   0x0000000000000000       0x52 ./src/dr/DR_NVIC.o
 .group         0x0000000000000000        0xc ./src/dr/DR_PINSEL.o
 .group         0x0000000000000000        0xc ./src/dr/DR_PINSEL.o
 .group         0x0000000000000000        0xc ./src/dr/DR_PINSEL.o
 .text          0x0000000000000000        0x0 ./src/dr/DR_PINSEL.o
 .data          0x0000000000000000        0x0 ./src/dr/DR_PINSEL.o
 .bss           0x0000000000000000        0x0 ./src/dr/DR_PINSEL.o
 .debug_macro   0x0000000000000000      0xa9c ./src/dr/DR_PINSEL.o
 .debug_macro   0x0000000000000000       0x3a ./src/dr/DR_PINSEL.o
 .group         0x0000000000000000        0xc ./src/dr/DR_PLL.o
 .group         0x0000000000000000        0xc ./src/dr/DR_PLL.o
 .group         0x0000000000000000        0xc ./src/dr/DR_PLL.o
 .text          0x0000000000000000        0x0 ./src/dr/DR_PLL.o
 .data          0x0000000000000000        0x0 ./src/dr/DR_PLL.o
 .bss           0x0000000000000000        0x0 ./src/dr/DR_PLL.o
 .debug_macro   0x0000000000000000      0xa9c ./src/dr/DR_PLL.o
 .debug_macro   0x0000000000000000       0x3a ./src/dr/DR_PLL.o
 .group         0x0000000000000000        0xc ./src/dr/DR_SysTick.o
 .group         0x0000000000000000        0xc ./src/dr/DR_SysTick.o
 .group         0x0000000000000000        0xc ./src/dr/DR_SysTick.o
 .group         0x0000000000000000        0xc ./src/dr/DR_SysTick.o
 .group         0x0000000000000000        0xc ./src/dr/DR_SysTick.o
 .group         0x0000000000000000        0xc ./src/dr/DR_SysTick.o
 .group         0x0000000000000000        0xc ./src/dr/DR_SysTick.o
 .group         0x0000000000000000        0xc ./src/dr/DR_SysTick.o
 .group         0x0000000000000000        0xc ./src/dr/DR_SysTick.o
 .group         0x0000000000000000        0xc ./src/dr/DR_SysTick.o
 .group         0x0000000000000000        0xc ./src/dr/DR_SysTick.o
 .group         0x0000000000000000        0xc ./src/dr/DR_SysTick.o
 .text          0x0000000000000000        0x0 ./src/dr/DR_SysTick.o
 .data          0x0000000000000000        0x0 ./src/dr/DR_SysTick.o
 .bss           0x0000000000000000        0x0 ./src/dr/DR_SysTick.o
 .debug_macro   0x0000000000000000      0xa9c ./src/dr/DR_SysTick.o
 .debug_macro   0x0000000000000000       0x3a ./src/dr/DR_SysTick.o
 .debug_macro   0x0000000000000000       0x3a ./src/dr/DR_SysTick.o
 .debug_macro   0x0000000000000000       0x28 ./src/dr/DR_SysTick.o
 .debug_macro   0x0000000000000000       0x52 ./src/dr/DR_SysTick.o
 .debug_macro   0x0000000000000000      0x136 ./src/dr/DR_SysTick.o
 .debug_macro   0x0000000000000000       0x46 ./src/dr/DR_SysTick.o
 .debug_macro   0x0000000000000000      0x166 ./src/dr/DR_SysTick.o
 .debug_macro   0x0000000000000000       0xd0 ./src/dr/DR_SysTick.o
 .debug_macro   0x0000000000000000      0x118 ./src/dr/DR_SysTick.o
 .debug_macro   0x0000000000000000       0xfa ./src/dr/DR_SysTick.o
 .group         0x0000000000000000        0xc ./src/dr/DR_UART.o
 .group         0x0000000000000000        0xc ./src/dr/DR_UART.o
 .group         0x0000000000000000        0xc ./src/dr/DR_UART.o
 .group         0x0000000000000000        0xc ./src/dr/DR_UART.o
 .group         0x0000000000000000        0xc ./src/dr/DR_UART.o
 .group         0x0000000000000000        0xc ./src/dr/DR_UART.o
 .group         0x0000000000000000        0xc ./src/dr/DR_UART.o
 .text          0x0000000000000000        0x0 ./src/dr/DR_UART.o
 .data          0x0000000000000000        0x0 ./src/dr/DR_UART.o
 .bss           0x0000000000000000        0x0 ./src/dr/DR_UART.o
 .bss.g_outRx0  0x0000000000000000        0x1 ./src/dr/DR_UART.o
 .bss.g_outRx1  0x0000000000000000        0x1 ./src/dr/DR_UART.o
 .text.UARTn_PushTx
                0x0000000000000000       0x9c ./src/dr/DR_UART.o
 .text.UARTn_PopRx
                0x0000000000000000       0x98 ./src/dr/DR_UART.o
 .debug_macro   0x0000000000000000      0xa9c ./src/dr/DR_UART.o
 .debug_macro   0x0000000000000000       0x3a ./src/dr/DR_UART.o
 .debug_macro   0x0000000000000000       0xca ./src/dr/DR_UART.o
 .debug_macro   0x0000000000000000      0x136 ./src/dr/DR_UART.o
 .debug_macro   0x0000000000000000       0x52 ./src/dr/DR_UART.o
 .debug_macro   0x0000000000000000       0x46 ./src/dr/DR_UART.o
 .debug_macro   0x0000000000000000      0x166 ./src/dr/DR_UART.o
 .group         0x0000000000000000        0xc ./src/cr_startup_lpc175x_6x.o
 .text          0x0000000000000000        0x0 ./src/cr_startup_lpc175x_6x.o
 .data          0x0000000000000000        0x0 ./src/cr_startup_lpc175x_6x.o
 .bss           0x0000000000000000        0x0 ./src/cr_startup_lpc175x_6x.o
 .debug_macro   0x0000000000000000      0xa9c ./src/cr_startup_lpc175x_6x.o
 .group         0x0000000000000000        0xc ./src/crp.o
 .group         0x0000000000000000        0xc ./src/crp.o
 .text          0x0000000000000000        0x0 ./src/crp.o
 .data          0x0000000000000000        0x0 ./src/crp.o
 .bss           0x0000000000000000        0x0 ./src/crp.o
 .debug_macro   0x0000000000000000      0xa9c ./src/crp.o
 .group         0x0000000000000000        0xc ./src/testing.o
 .group         0x0000000000000000        0xc ./src/testing.o
 .group         0x0000000000000000        0xc ./src/testing.o
 .group         0x0000000000000000        0xc ./src/testing.o
 .text          0x0000000000000000        0x0 ./src/testing.o
 .data          0x0000000000000000        0x0 ./src/testing.o
 .bss           0x0000000000000000        0x0 ./src/testing.o
 .debug_macro   0x0000000000000000      0xa9c ./src/testing.o
 .debug_macro   0x0000000000000000       0x3a ./src/testing.o
 .debug_macro   0x0000000000000000       0x22 ./src/testing.o
 .text          0x0000000000000000        0x0 /usr/local/mcuxpressoide-11.0.0_2516/ide/plugins/com.nxp.mcuxpresso.tools.linux_11.0.0.201905131304/tools/bin/../lib/gcc/arm-none-eabi/8.2.1/../../../../arm-none-eabi/lib/thumb/v7-m/nofp/libcr_c.a(__weak__main.o)
 .data          0x0000000000000000        0x0 /usr/local/mcuxpressoide-11.0.0_2516/ide/plugins/com.nxp.mcuxpresso.tools.linux_11.0.0.201905131304/tools/bin/../lib/gcc/arm-none-eabi/8.2.1/../../../../arm-none-eabi/lib/thumb/v7-m/nofp/libcr_c.a(__weak__main.o)
 .bss           0x0000000000000000        0x0 /usr/local/mcuxpressoide-11.0.0_2516/ide/plugins/com.nxp.mcuxpresso.tools.linux_11.0.0.201905131304/tools/bin/../lib/gcc/arm-none-eabi/8.2.1/../../../../arm-none-eabi/lib/thumb/v7-m/nofp/libcr_c.a(__weak__main.o)

Memory Configuration

Name             Origin             Length             Attributes
MFlash512        0x0000000000000000 0x0000000000080000 xr
RamLoc32         0x0000000010000000 0x0000000000008000 xrw
RamAHB32         0x000000002007c000 0x0000000000008000 xrw
*default*        0x0000000000000000 0xffffffffffffffff

Linker script and memory map

LOAD ./src/sm/SM_blinking.o
LOAD ./src/sm/SM_operating.o
LOAD ./src/sm/SM_standby.o
LOAD ./src/sm/SM_system.o
LOAD ./src/pr/PR_Keyboard.o
LOAD ./src/pr/PR_LEDS.o
LOAD ./src/pr/PR_Timers.o
LOAD ./src/pr/PR_UART.o
LOAD ./src/dr/DR_ADC.o
LOAD ./src/dr/DR_GPIO.o
LOAD ./src/dr/DR_Keyboard.o
LOAD ./src/dr/DR_NVIC.o
LOAD ./src/dr/DR_PINSEL.o
LOAD ./src/dr/DR_PLL.o
LOAD ./src/dr/DR_SysTick.o
LOAD ./src/dr/DR_UART.o
LOAD ./src/cr_startup_lpc175x_6x.o
LOAD ./src/crp.o
LOAD ./src/testing.o
START GROUP
LOAD /usr/local/mcuxpressoide-11.0.0_2516/ide/plugins/com.nxp.mcuxpresso.tools.linux_11.0.0.201905131304/tools/bin/../lib/gcc/arm-none-eabi/8.2.1/../../../../arm-none-eabi/lib/thumb/v7-m/nofp/libcr_c.a
LOAD /usr/local/mcuxpressoide-11.0.0_2516/ide/plugins/com.nxp.mcuxpresso.tools.linux_11.0.0.201905131304/tools/bin/../lib/gcc/arm-none-eabi/8.2.1/thumb/v7-m/nofp/libcr_eabihelpers.a
LOAD /usr/local/mcuxpressoide-11.0.0_2516/ide/plugins/com.nxp.mcuxpresso.tools.linux_11.0.0.201905131304/tools/bin/../lib/gcc/arm-none-eabi/8.2.1/thumb/v7-m/nofp/libgcc.a
END GROUP
                0x0000000000000000                __base_MFlash512 = 0x0
                0x0000000000000000                __base_Flash = 0x0
                0x0000000000080000                __top_MFlash512 = 0x80000
                0x0000000000080000                __top_Flash = 0x80000
                0x0000000010000000                __base_RamLoc32 = 0x10000000
                0x0000000010000000                __base_RAM = 0x10000000
                0x0000000010008000                __top_RamLoc32 = 0x10008000
                0x0000000010008000                __top_RAM = 0x10008000
                0x000000002007c000                __base_RamAHB32 = 0x2007c000
                0x000000002007c000                __base_RAM2 = 0x2007c000
                0x0000000020084000                __top_RamAHB32 = 0x20084000
                0x0000000020084000                __top_RAM2 = 0x20084000

.text           0x0000000000000000     0x125c
 FILL mask 0xff
                0x0000000000000000                __vectors_start__ = ABSOLUTE (.)
 *(.isr_vector)
 .isr_vector    0x0000000000000000       0xcc ./src/cr_startup_lpc175x_6x.o
                0x0000000000000000                g_pfnVectors
                0x00000000000000cc                . = ALIGN (0x4)
                0x00000000000000cc                __section_table_start = .
                0x00000000000000cc                __data_section_table = .
                0x00000000000000cc        0x4 LONG 0x125c LOADADDR (.data)
                0x00000000000000d0        0x4 LONG 0x10000000 ADDR (.data)
                0x00000000000000d4        0x4 LONG 0x4 SIZEOF (.data)
                0x00000000000000d8        0x4 LONG 0x125c LOADADDR (.data_RAM2)
                0x00000000000000dc        0x4 LONG 0x2007c000 ADDR (.data_RAM2)
                0x00000000000000e0        0x4 LONG 0x0 SIZEOF (.data_RAM2)
                0x00000000000000e4                __data_section_table_end = .
                0x00000000000000e4                __bss_section_table = .
                0x00000000000000e4        0x4 LONG 0x10000004 ADDR (.bss)
                0x00000000000000e8        0x4 LONG 0x880 SIZEOF (.bss)
                0x00000000000000ec        0x4 LONG 0x2007c000 ADDR (.bss_RAM2)
                0x00000000000000f0        0x4 LONG 0x0 SIZEOF (.bss_RAM2)
                0x00000000000000f4                __bss_section_table_end = .
                0x00000000000000f4                __section_table_end = .
 *(.after_vectors*)
 .after_vectors
                0x00000000000000f4      0x128 ./src/cr_startup_lpc175x_6x.o
                0x00000000000000f4                data_init
                0x0000000000000136                bss_init
                0x000000000000016c                ResetISR
                0x00000000000001e0                NMI_Handler
                0x00000000000001e6                HardFault_Handler
                0x00000000000001ec                MemManage_Handler
                0x00000000000001f2                BusFault_Handler
                0x00000000000001f8                UsageFault_Handler
                0x00000000000001fe                SVC_Handler
                0x0000000000000204                DebugMon_Handler
                0x000000000000020a                PendSV_Handler
                0x0000000000000216                TIMER2_IRQHandler
                0x0000000000000216                RIT_IRQHandler
                0x0000000000000216                I2C0_IRQHandler
                0x0000000000000216                USBActivity_IRQHandler
                0x0000000000000216                PWM1_IRQHandler
                0x0000000000000216                I2C1_IRQHandler
                0x0000000000000216                UART1_IRQHandler
                0x0000000000000216                CANActivity_IRQHandler
                0x0000000000000216                TIMER3_IRQHandler
                0x0000000000000216                IntDefaultHandler
                0x0000000000000216                PLL0_IRQHandler
                0x0000000000000216                CAN_IRQHandler
                0x0000000000000216                PLL1_IRQHandler
                0x0000000000000216                SSP0_IRQHandler
                0x0000000000000216                I2S_IRQHandler
                0x0000000000000216                I2C2_IRQHandler
                0x0000000000000216                RTC_IRQHandler
                0x0000000000000216                TIMER0_IRQHandler
                0x0000000000000216                SPI_IRQHandler
                0x0000000000000216                TIMER1_IRQHandler
                0x0000000000000216                UART2_IRQHandler
                0x0000000000000216                SSP1_IRQHandler
                0x0000000000000216                USB_IRQHandler
                0x0000000000000216                BOD_IRQHandler
                0x0000000000000216                WDT_IRQHandler
                0x0000000000000216                QEI_IRQHandler
                0x0000000000000216                DMA_IRQHandler
                0x0000000000000216                UART3_IRQHandler
                0x0000000000000216                MCPWM_IRQHandler
                0x0000000000000216                ENET_IRQHandler
                0x00000000000002fc                . = 0x2fc
 *fill*         0x000000000000021c       0xe0 ff
                0x00000000000002fc                PROVIDE (__CRP_WORD_START__ = .)
 *(.crp)
 .crp           0x00000000000002fc        0x4 ./src/crp.o
                0x00000000000002fc                CRP_WORD
                0x0000000000000300                PROVIDE (__CRP_WORD_END__ = .)
                0x0000000000000001                ASSERT (! ((__CRP_WORD_START__ == __CRP_WORD_END__)), Linker CRP Enabled, but no CRP_WORD provided within application)
 *(.text*)
 .text.Blinking
                0x0000000000000300       0xdc ./src/sm/SM_blinking.o
                0x0000000000000300                Blinking
 .text.SystemOperating
                0x00000000000003dc       0x2e ./src/sm/SM_operating.o
                0x00000000000003dc                SystemOperating
 .text.SystemStandby
                0x000000000000040a       0x20 ./src/sm/SM_standby.o
                0x000000000000040a                SystemStandby
 .text.SystemInitialize
                0x000000000000042a       0x22 ./src/sm/SM_system.o
                0x000000000000042a                SystemInitialize
 .text.SystemConfigure
                0x000000000000044c       0x18 ./src/sm/SM_system.o
                0x000000000000044c                SystemConfigure
 .text.SystemRun
                0x0000000000000464       0x6c ./src/sm/SM_system.o
                0x0000000000000464                SystemRun
 .text.SystemInterrupts
                0x00000000000004d0       0x58 ./src/sm/SM_system.o
                0x00000000000004d0                SystemInterrupts
 .text.GetKey   0x0000000000000528       0x30 ./src/pr/PR_Keyboard.o
                0x0000000000000528                GetKey
 .text.LED_Initialize
                0x0000000000000558       0x9c ./src/pr/PR_LEDS.o
                0x0000000000000558                LED_Initialize
 .text.ALL_LEDS_Initialize
                0x00000000000005f4       0x28 ./src/pr/PR_LEDS.o
                0x00000000000005f4                ALL_LEDS_Initialize
 .text.LED_ON   0x000000000000061c       0x64 ./src/pr/PR_LEDS.o
                0x000000000000061c                LED_ON
 .text.LED_OFF  0x0000000000000680       0x64 ./src/pr/PR_LEDS.o
                0x0000000000000680                LED_OFF
 .text.Timers_Initialize
                0x00000000000006e4       0x60 ./src/pr/PR_Timers.o
                0x00000000000006e4                Timers_Initialize
 .text.Timers_Daemon
                0x0000000000000744       0x9c ./src/pr/PR_Timers.o
                0x0000000000000744                Timers_Daemon
 .text.TimerSet
                0x00000000000007e0       0x90 ./src/pr/PR_Timers.o
                0x00000000000007e0                TimerSet
 .text.TimerStart
                0x0000000000000870       0x44 ./src/pr/PR_Timers.o
                0x0000000000000870                TimerStart
 .text.GetTimerFlag
                0x00000000000008b4       0x2c ./src/pr/PR_Timers.o
                0x00000000000008b4                GetTimerFlag
 .text.TimerEvents
                0x00000000000008e0       0xa0 ./src/pr/PR_Timers.o
                0x00000000000008e0                TimerEvents
 .text.TimerClear
                0x0000000000000980       0x54 ./src/pr/PR_Timers.o
                0x0000000000000980                TimerClear
 .text.ADC_IRQHandler
                0x00000000000009d4        0xc ./src/dr/DR_ADC.o
                0x00000000000009d4                ADC_IRQHandler
 .text.SetDIR   0x00000000000009e0       0x76 ./src/dr/DR_GPIO.o
                0x00000000000009e0                SetDIR
 .text.SetMODE  0x0000000000000a56       0x8a ./src/dr/DR_GPIO.o
                0x0000000000000a56                SetMODE
 .text.SetPIN   0x0000000000000ae0       0x86 ./src/dr/DR_GPIO.o
                0x0000000000000ae0                SetPIN
 .text.GetPIN   0x0000000000000b66       0x3e ./src/dr/DR_GPIO.o
                0x0000000000000b66                GetPIN
 .text.Keyboard_Initialize
                0x0000000000000ba4       0x8c ./src/dr/DR_Keyboard.o
                0x0000000000000ba4                Keyboard_Initialize
 .text.KeyPressed
                0x0000000000000c30       0x5c ./src/dr/DR_Keyboard.o
                0x0000000000000c30                KeyPressed
 .text.Keyboard_Daemon
                0x0000000000000c8c       0x68 ./src/dr/DR_Keyboard.o
                0x0000000000000c8c                Keyboard_Daemon
 .text.EINT0_IRQHandler
                0x0000000000000cf4       0x28 ./src/dr/DR_NVIC.o
                0x0000000000000cf4                EINT0_IRQHandler
 .text.EINT1_IRQHandler
                0x0000000000000d1c       0x28 ./src/dr/DR_NVIC.o
                0x0000000000000d1c                EINT1_IRQHandler
 .text.EINT2_IRQHandler
                0x0000000000000d44       0x28 ./src/dr/DR_NVIC.o
                0x0000000000000d44                EINT2_IRQHandler
 .text.EINT3_IRQHandler
                0x0000000000000d6c       0x28 ./src/dr/DR_NVIC.o
                0x0000000000000d6c                EINT3_IRQHandler
 .text.SetPINSEL
                0x0000000000000d94       0x8a ./src/dr/DR_PINSEL.o
                0x0000000000000d94                SetPINSEL
 *fill*         0x0000000000000e1e        0x2 ff
 .text.PLL_Initialize
                0x0000000000000e20      0x140 ./src/dr/DR_PLL.o
                0x0000000000000e20                PLL_Initialize
 .text.SysTick_Initialize
                0x0000000000000f60       0x4c ./src/dr/DR_SysTick.o
                0x0000000000000f60                SysTick_Initialize
 .text.SysTick_Handler
                0x0000000000000fac       0x10 ./src/dr/DR_SysTick.o
                0x0000000000000fac                SysTick_Handler
 .text.UARTn_Initialize
                0x0000000000000fbc      0x124 ./src/dr/DR_UART.o
                0x0000000000000fbc                UARTn_Initialize
 .text.UART0_IRQHandler
                0x00000000000010e0       0x60 ./src/dr/DR_UART.o
                0x00000000000010e0                UART0_IRQHandler
 .text.UARTn_PopTx
                0x0000000000001140       0x98 ./src/dr/DR_UART.o
                0x0000000000001140                UARTn_PopTx
 .text.UARTn_PushRx
                0x00000000000011d8       0x68 ./src/dr/DR_UART.o
                0x00000000000011d8                UARTn_PushRx
 .text.main     0x0000000000001240       0x16 ./src/testing.o
                0x0000000000001240                main
 .text.__weak_main
                0x0000000000001256        0x4 /usr/local/mcuxpressoide-11.0.0_2516/ide/plugins/com.nxp.mcuxpresso.tools.linux_11.0.0.201905131304/tools/bin/../lib/gcc/arm-none-eabi/8.2.1/../../../../arm-none-eabi/lib/thumb/v7-m/nofp/libcr_c.a(__weak__main.o)
                0x0000000000001256                __main
                0x0000000000001256                __weak_main
 *(.rodata .rodata.* .constdata .constdata.*)
                0x000000000000125c                . = ALIGN (0x4)
 *fill*         0x000000000000125a        0x2 ff

.glue_7         0x000000000000125c        0x0
 .glue_7        0x000000000000125c        0x0 linker stubs

.glue_7t        0x000000000000125c        0x0
 .glue_7t       0x000000000000125c        0x0 linker stubs

.vfp11_veneer   0x000000000000125c        0x0
 .vfp11_veneer  0x000000000000125c        0x0 linker stubs

.v4_bx          0x000000000000125c        0x0
 .v4_bx         0x000000000000125c        0x0 linker stubs

.iplt           0x000000000000125c        0x0
 .iplt          0x000000000000125c        0x0 ./src/sm/SM_blinking.o

.rel.dyn        0x000000000000125c        0x0
 .rel.iplt      0x000000000000125c        0x0 ./src/sm/SM_blinking.o

.ARM.extab
 *(.ARM.extab* .gnu.linkonce.armextab.*)
                0x000000000000125c                __exidx_start = .

.ARM.exidx
 *(.ARM.exidx* .gnu.linkonce.armexidx.*)
                0x000000000000125c                __exidx_end = .
                0x000000000000125c                _etext = .

.data_RAM2      0x000000002007c000        0x0 load address 0x000000000000125c
 FILL mask 0xff
                [!provide]                        PROVIDE (__start_data_RAM2 = .)
 *(.ramfunc.$RAM2)
 *(.ramfunc.$RamAHB32)
 *(.data.$RAM2)
 *(.data.$RamAHB32)
 *(.data.$RAM2.*)
 *(.data.$RamAHB32.*)
                0x000000002007c000                . = ALIGN (0x4)
                [!provide]                        PROVIDE (__end_data_RAM2 = .)

.uninit_RESERVED
                0x0000000010000000        0x0
                0x0000000010000000                . = ALIGN (0x4)
 *(.bss.$RESERVED*)
                0x0000000010000000                . = ALIGN (0x4)
                0x0000000010000000                _end_uninit_RESERVED = .

.data           0x0000000010000000        0x4 load address 0x000000000000125c
 FILL mask 0xff
                0x0000000010000000                _data = .
 *(vtable)
 *(.ramfunc*)
 *(.data*)
 .data.led_state.3731
                0x0000000010000000        0x1 ./src/sm/SM_blinking.o
                0x0000000010000004                . = ALIGN (0x4)
 *fill*         0x0000000010000001        0x3 ff
                0x0000000010000004                _edata = .

.igot.plt       0x0000000010000004        0x0 load address 0x0000000000001260
 .igot.plt      0x0000000010000004        0x0 ./src/sm/SM_blinking.o

.bss_RAM2       0x000000002007c000        0x0
                0x000000002007c000                . = ALIGN (0x4)
                [!provide]                        PROVIDE (__start_bss_RAM2 = .)
 *(.bss.$RAM2)
 *(.bss.$RamAHB32)
 *(.bss.$RAM2.*)
 *(.bss.$RamAHB32.*)
                0x000000002007c000                . = ALIGN ((. != 0x0)?0x4:0x1)
                [!provide]                        PROVIDE (__end_bss_RAM2 = .)

.bss            0x0000000010000004      0x880
                0x0000000010000004                . = ALIGN (0x4)
                0x0000000010000004                _bss = .
 *(.bss*)
 .bss.g_systemState
                0x0000000010000004        0x1 ./src/sm/SM_system.o
                0x0000000010000004                g_systemState
 *fill*         0x0000000010000005        0x3 
 .bss.LED_FLAG  0x0000000010000008        0x3 ./src/pr/PR_LEDS.o
 *fill*         0x000000001000000b        0x1 
 .bss.g_timer   0x000000001000000c       0x60 ./src/pr/PR_Timers.o
                0x000000001000000c                g_timer
 .bss.g_keyboardBuffer
                0x000000001000006c        0x1 ./src/dr/DR_Keyboard.o
                0x000000001000006c                g_keyboardBuffer
 .bss.last_key.3707
                0x000000001000006d        0x1 ./src/dr/DR_Keyboard.o
 .bss.count.3708
                0x000000001000006e        0x1 ./src/dr/DR_Keyboard.o
 .bss.flag_EXTINT0
                0x000000001000006f        0x1 ./src/dr/DR_NVIC.o
                0x000000001000006f                flag_EXTINT0
 .bss.flag_EXTINT1
                0x0000000010000070        0x1 ./src/dr/DR_NVIC.o
                0x0000000010000070                flag_EXTINT1
 .bss.flag_EXTINT2
                0x0000000010000071        0x1 ./src/dr/DR_NVIC.o
                0x0000000010000071                flag_EXTINT2
 .bss.flag_EXTINT3
                0x0000000010000072        0x1 ./src/dr/DR_NVIC.o
                0x0000000010000072                flag_EXTINT3
 .bss.g_inTx0   0x0000000010000073        0x1 ./src/dr/DR_UART.o
                0x0000000010000073                g_inTx0
 .bss.g_outTx0  0x0000000010000074        0x1 ./src/dr/DR_UART.o
                0x0000000010000074                g_outTx0
 *fill*         0x0000000010000075        0x3 
 .bss.g_bufferTx0
                0x0000000010000078      0x200 ./src/dr/DR_UART.o
                0x0000000010000078                g_bufferTx0
 .bss.g_inRx0   0x0000000010000278        0x1 ./src/dr/DR_UART.o
                0x0000000010000278                g_inRx0
 *fill*         0x0000000010000279        0x3 
 .bss.g_bufferRx0
                0x000000001000027c      0x200 ./src/dr/DR_UART.o
                0x000000001000027c                g_bufferRx0
 .bss.g_inTx1   0x000000001000047c        0x1 ./src/dr/DR_UART.o
                0x000000001000047c                g_inTx1
 .bss.g_outTx1  0x000000001000047d        0x1 ./src/dr/DR_UART.o
                0x000000001000047d                g_outTx1
 *fill*         0x000000001000047e        0x2 
 .bss.g_bufferTx1
                0x0000000010000480      0x200 ./src/dr/DR_UART.o
                0x0000000010000480                g_bufferTx1
 .bss.g_inRx1   0x0000000010000680        0x1 ./src/dr/DR_UART.o
                0x0000000010000680                g_inRx1
 *fill*         0x0000000010000681        0x3 
 .bss.g_bufferRx1
                0x0000000010000684      0x200 ./src/dr/DR_UART.o
                0x0000000010000684                g_bufferRx1
 *(COMMON)
                0x0000000010000884                . = ALIGN (0x4)
                0x0000000010000884                _ebss = .
                [!provide]                        PROVIDE (end = .)

.noinit_RAM2    0x000000002007c000        0x0
                0x000000002007c000                . = ALIGN (0x4)
 *(.noinit.$RAM2)
 *(.noinit.$RamAHB32)
 *(.noinit.$RAM2.*)
 *(.noinit.$RamAHB32.*)
                0x000000002007c000                . = ALIGN (0x4)

.noinit         0x0000000010000884        0x0
                0x0000000010000884                . = ALIGN (0x4)
                0x0000000010000884                _noinit = .
 *(.noinit*)
                0x0000000010000884                . = ALIGN (0x4)
                0x0000000010000884                _end_noinit = .
                [!provide]                        PROVIDE (_pvHeapStart = DEFINED (__user_heap_base)?__user_heap_base:.)
                0x0000000010008000                PROVIDE (_vStackTop = DEFINED (__user_stack_top)?__user_stack_top:(__top_RamLoc32 - 0x0))
                0xffffffffefff74f2                PROVIDE (__valid_user_code_checksum = (0x0 - ((((((_vStackTop + (ResetISR + 0x1)) + (NMI_Handler + 0x1)) + (HardFault_Handler + 0x1)) + (DEFINED (MemManage_Handler)?MemManage_Handler:0x0 + 0x1)) + (DEFINED (BusFault_Handler)?BusFault_Handler:0x0 + 0x1)) + (DEFINED (UsageFault_Handler)?UsageFault_Handler:0x0 + 0x1))))
                0x0000000000000000                _image_start = LOADADDR (.text)
                0x0000000000001260                _image_end = (LOADADDR (.data) + SIZEOF (.data))
                0x0000000000001260                _image_size = (_image_end - _image_start)
OUTPUT(testing.axf elf32-littlearm)

.debug_info     0x0000000000000000     0x18be
 .debug_info    0x0000000000000000      0x11f ./src/sm/SM_blinking.o
 .debug_info    0x000000000000011f       0x82 ./src/sm/SM_operating.o
 .debug_info    0x00000000000001a1       0x82 ./src/sm/SM_standby.o
 .debug_info    0x0000000000000223      0x220 ./src/sm/SM_system.o
 .debug_info    0x0000000000000443       0x97 ./src/pr/PR_Keyboard.o
 .debug_info    0x00000000000004da      0x148 ./src/pr/PR_LEDS.o
 .debug_info    0x0000000000000622      0x344 ./src/pr/PR_Timers.o
 .debug_info    0x0000000000000966      0x1ac ./src/dr/DR_ADC.o
 .debug_info    0x0000000000000b12      0x1c0 ./src/dr/DR_GPIO.o
 .debug_info    0x0000000000000cd2      0x105 ./src/dr/DR_Keyboard.o
 .debug_info    0x0000000000000dd7      0x1b9 ./src/dr/DR_NVIC.o
 .debug_info    0x0000000000000f90       0xbb ./src/dr/DR_PINSEL.o
 .debug_info    0x000000000000104b       0x72 ./src/dr/DR_PLL.o
 .debug_info    0x00000000000010bd      0x1e2 ./src/dr/DR_SysTick.o
 .debug_info    0x000000000000129f      0x2e7 ./src/dr/DR_UART.o
 .debug_info    0x0000000000001586      0x276 ./src/cr_startup_lpc175x_6x.o
 .debug_info    0x00000000000017fc       0x40 ./src/crp.o
 .debug_info    0x000000000000183c       0x82 ./src/testing.o

.debug_abbrev   0x0000000000000000      0xd1e
 .debug_abbrev  0x0000000000000000       0xd6 ./src/sm/SM_blinking.o
 .debug_abbrev  0x00000000000000d6       0x67 ./src/sm/SM_operating.o
 .debug_abbrev  0x000000000000013d       0x67 ./src/sm/SM_standby.o
 .debug_abbrev  0x00000000000001a4       0xe6 ./src/sm/SM_system.o
 .debug_abbrev  0x000000000000028a       0x83 ./src/pr/PR_Keyboard.o
 .debug_abbrev  0x000000000000030d       0xde ./src/pr/PR_LEDS.o
 .debug_abbrev  0x00000000000003eb      0x15e ./src/pr/PR_Timers.o
 .debug_abbrev  0x0000000000000549       0xd2 ./src/dr/DR_ADC.o
 .debug_abbrev  0x000000000000061b       0xc3 ./src/dr/DR_GPIO.o
 .debug_abbrev  0x00000000000006de       0xdb ./src/dr/DR_Keyboard.o
 .debug_abbrev  0x00000000000007b9       0xc6 ./src/dr/DR_NVIC.o
 .debug_abbrev  0x000000000000087f       0x89 ./src/dr/DR_PINSEL.o
 .debug_abbrev  0x0000000000000908       0x56 ./src/dr/DR_PLL.o
 .debug_abbrev  0x000000000000095e       0xd7 ./src/dr/DR_SysTick.o
 .debug_abbrev  0x0000000000000a35      0x11c ./src/dr/DR_UART.o
 .debug_abbrev  0x0000000000000b51      0x12a ./src/cr_startup_lpc175x_6x.o
 .debug_abbrev  0x0000000000000c7b       0x38 ./src/crp.o
 .debug_abbrev  0x0000000000000cb3       0x6b ./src/testing.o

.debug_aranges  0x0000000000000000      0x3d8
 .debug_aranges
                0x0000000000000000       0x20 ./src/sm/SM_blinking.o
 .debug_aranges
                0x0000000000000020       0x20 ./src/sm/SM_operating.o
 .debug_aranges
                0x0000000000000040       0x20 ./src/sm/SM_standby.o
 .debug_aranges
                0x0000000000000060       0x38 ./src/sm/SM_system.o
 .debug_aranges
                0x0000000000000098       0x20 ./src/pr/PR_Keyboard.o
 .debug_aranges
                0x00000000000000b8       0x40 ./src/pr/PR_LEDS.o
 .debug_aranges
                0x00000000000000f8       0x80 ./src/pr/PR_Timers.o
 .debug_aranges
                0x0000000000000178       0x38 ./src/dr/DR_ADC.o
 .debug_aranges
                0x00000000000001b0       0x40 ./src/dr/DR_GPIO.o
 .debug_aranges
                0x00000000000001f0       0x30 ./src/dr/DR_Keyboard.o
 .debug_aranges
                0x0000000000000220       0x50 ./src/dr/DR_NVIC.o
 .debug_aranges
                0x0000000000000270       0x20 ./src/dr/DR_PINSEL.o
 .debug_aranges
                0x0000000000000290       0x20 ./src/dr/DR_PLL.o
 .debug_aranges
                0x00000000000002b0       0x28 ./src/dr/DR_SysTick.o
 .debug_aranges
                0x00000000000002d8       0x48 ./src/dr/DR_UART.o
 .debug_aranges
                0x0000000000000320       0x80 ./src/cr_startup_lpc175x_6x.o
 .debug_aranges
                0x00000000000003a0       0x18 ./src/crp.o
 .debug_aranges
                0x00000000000003b8       0x20 ./src/testing.o

.debug_ranges   0x0000000000000000      0x2b0
 .debug_ranges  0x0000000000000000       0x10 ./src/sm/SM_blinking.o
 .debug_ranges  0x0000000000000010       0x10 ./src/sm/SM_operating.o
 .debug_ranges  0x0000000000000020       0x10 ./src/sm/SM_standby.o
 .debug_ranges  0x0000000000000030       0x28 ./src/sm/SM_system.o
 .debug_ranges  0x0000000000000058       0x10 ./src/pr/PR_Keyboard.o
 .debug_ranges  0x0000000000000068       0x30 ./src/pr/PR_LEDS.o
 .debug_ranges  0x0000000000000098       0x70 ./src/pr/PR_Timers.o
 .debug_ranges  0x0000000000000108       0x28 ./src/dr/DR_ADC.o
 .debug_ranges  0x0000000000000130       0x30 ./src/dr/DR_GPIO.o
 .debug_ranges  0x0000000000000160       0x20 ./src/dr/DR_Keyboard.o
 .debug_ranges  0x0000000000000180       0x40 ./src/dr/DR_NVIC.o
 .debug_ranges  0x00000000000001c0       0x10 ./src/dr/DR_PINSEL.o
 .debug_ranges  0x00000000000001d0       0x10 ./src/dr/DR_PLL.o
 .debug_ranges  0x00000000000001e0       0x18 ./src/dr/DR_SysTick.o
 .debug_ranges  0x00000000000001f8       0x38 ./src/dr/DR_UART.o
 .debug_ranges  0x0000000000000230       0x70 ./src/cr_startup_lpc175x_6x.o
 .debug_ranges  0x00000000000002a0       0x10 ./src/testing.o

.debug_macro    0x0000000000000000     0x1d65
 .debug_macro   0x0000000000000000       0x72 ./src/sm/SM_blinking.o
 .debug_macro   0x0000000000000072      0xa9c ./src/sm/SM_blinking.o
 .debug_macro   0x0000000000000b0e       0x3a ./src/sm/SM_blinking.o
 .debug_macro   0x0000000000000b48       0x22 ./src/sm/SM_blinking.o
 .debug_macro   0x0000000000000b6a       0x2e ./src/sm/SM_blinking.o
 .debug_macro   0x0000000000000b98       0x3a ./src/sm/SM_blinking.o
 .debug_macro   0x0000000000000bd2       0x76 ./src/sm/SM_blinking.o
 .debug_macro   0x0000000000000c48       0x32 ./src/sm/SM_operating.o
 .debug_macro   0x0000000000000c7a       0x10 ./src/sm/SM_operating.o
 .debug_macro   0x0000000000000c8a       0x28 ./src/sm/SM_operating.o
 .debug_macro   0x0000000000000cb2       0x29 ./src/sm/SM_standby.o
 .debug_macro   0x0000000000000cdb       0x10 ./src/sm/SM_standby.o
 .debug_macro   0x0000000000000ceb       0xe8 ./src/sm/SM_system.o
 .debug_macro   0x0000000000000dd3       0x22 ./src/sm/SM_system.o
 .debug_macro   0x0000000000000df5       0x16 ./src/sm/SM_system.o
 .debug_macro   0x0000000000000e0b       0x16 ./src/sm/SM_system.o
 .debug_macro   0x0000000000000e21       0x40 ./src/sm/SM_system.o
 .debug_macro   0x0000000000000e61       0x52 ./src/sm/SM_system.o
 .debug_macro   0x0000000000000eb3      0x136 ./src/sm/SM_system.o
 .debug_macro   0x0000000000000fe9       0x46 ./src/sm/SM_system.o
 .debug_macro   0x000000000000102f      0x166 ./src/sm/SM_system.o
 .debug_macro   0x0000000000001195       0xd0 ./src/sm/SM_system.o
 .debug_macro   0x0000000000001265      0x118 ./src/sm/SM_system.o
 .debug_macro   0x000000000000137d       0xfa ./src/sm/SM_system.o
 .debug_macro   0x0000000000001477       0x37 ./src/pr/PR_Keyboard.o
 .debug_macro   0x00000000000014ae       0x40 ./src/pr/PR_Keyboard.o
 .debug_macro   0x00000000000014ee       0x45 ./src/pr/PR_LEDS.o
 .debug_macro   0x0000000000001533       0x28 ./src/pr/PR_LEDS.o
 .debug_macro   0x000000000000155b      0x130 ./src/pr/PR_LEDS.o
 .debug_macro   0x000000000000168b       0x3c ./src/pr/PR_Timers.o
 .debug_macro   0x00000000000016c7       0x80 ./src/dr/DR_ADC.o
 .debug_macro   0x0000000000001747       0xf4 ./src/dr/DR_ADC.o
 .debug_macro   0x000000000000183b       0x33 ./src/dr/DR_GPIO.o
 .debug_macro   0x000000000000186e       0x3b ./src/dr/DR_Keyboard.o
 .debug_macro   0x00000000000018a9       0x4c ./src/dr/DR_NVIC.o
 .debug_macro   0x00000000000018f5       0x33 ./src/dr/DR_PINSEL.o
 .debug_macro   0x0000000000001928       0x4c ./src/dr/DR_PINSEL.o
 .debug_macro   0x0000000000001974       0x29 ./src/dr/DR_PLL.o
 .debug_macro   0x000000000000199d      0x112 ./src/dr/DR_PLL.o
 .debug_macro   0x0000000000001aaf       0xb6 ./src/dr/DR_SysTick.o
 .debug_macro   0x0000000000001b65       0x7c ./src/dr/DR_SysTick.o
 .debug_macro   0x0000000000001be1       0x61 ./src/dr/DR_UART.o
 .debug_macro   0x0000000000001c42       0x1d ./src/cr_startup_lpc175x_6x.o
 .debug_macro   0x0000000000001c5f       0x1a ./src/crp.o
 .debug_macro   0x0000000000001c79       0x34 ./src/crp.o
 .debug_macro   0x0000000000001cad       0x36 ./src/testing.o
 .debug_macro   0x0000000000001ce3       0x82 ./src/testing.o

.debug_line     0x0000000000000000     0x1d95
 .debug_line    0x0000000000000000      0x1ce ./src/sm/SM_blinking.o
 .debug_line    0x00000000000001ce      0x103 ./src/sm/SM_operating.o
 .debug_line    0x00000000000002d1       0xeb ./src/sm/SM_standby.o
 .debug_line    0x00000000000003bc      0x2ce ./src/sm/SM_system.o
 .debug_line    0x000000000000068a      0x106 ./src/pr/PR_Keyboard.o
 .debug_line    0x0000000000000790      0x1f3 ./src/pr/PR_LEDS.o
 .debug_line    0x0000000000000983      0x33e ./src/pr/PR_Timers.o
 .debug_line    0x0000000000000cc1      0x17a ./src/dr/DR_ADC.o
 .debug_line    0x0000000000000e3b      0x17d ./src/dr/DR_GPIO.o
 .debug_line    0x0000000000000fb8      0x15b ./src/dr/DR_Keyboard.o
 .debug_line    0x0000000000001113      0x1f7 ./src/dr/DR_NVIC.o
 .debug_line    0x000000000000130a       0xd2 ./src/dr/DR_PINSEL.o
 .debug_line    0x00000000000013dc      0x1bf ./src/dr/DR_PLL.o
 .debug_line    0x000000000000159b      0x1d3 ./src/dr/DR_SysTick.o
 .debug_line    0x000000000000176e      0x295 ./src/dr/DR_UART.o
 .debug_line    0x0000000000001a03      0x15f ./src/cr_startup_lpc175x_6x.o
 .debug_line    0x0000000000001b62       0xb5 ./src/crp.o
 .debug_line    0x0000000000001c17      0x17e ./src/testing.o

.debug_str      0x0000000000000000     0x54f7
 .debug_str     0x0000000000000000     0x3157 ./src/sm/SM_blinking.o
                                       0x31a5 (size before relaxing)
 .debug_str     0x0000000000003157       0x44 ./src/sm/SM_operating.o
                                       0x2ece (size before relaxing)
 .debug_str     0x000000000000319b       0x34 ./src/sm/SM_standby.o
                                       0x2e95 (size before relaxing)
 .debug_str     0x00000000000031cf     0x17e9 ./src/sm/SM_system.o
                                       0x4993 (size before relaxing)
 .debug_str     0x00000000000049b8       0x1f ./src/pr/PR_Keyboard.o
                                       0x2f13 (size before relaxing)
 .debug_str     0x00000000000049d7       0x61 ./src/pr/PR_LEDS.o
                                       0x3440 (size before relaxing)
 .debug_str     0x0000000000004a38       0xc4 ./src/pr/PR_Timers.o
                                       0x3178 (size before relaxing)
 .debug_str     0x0000000000004afc       0x56 ./src/dr/DR_ADC.o
                                       0x475a (size before relaxing)
 .debug_str     0x0000000000004b52       0x5b ./src/dr/DR_GPIO.o
                                       0x3307 (size before relaxing)
 .debug_str     0x0000000000004bad       0x56 ./src/dr/DR_Keyboard.o
                                       0x347d (size before relaxing)
 .debug_str     0x0000000000004c03       0x95 ./src/dr/DR_NVIC.o
                                       0x3971 (size before relaxing)
 .debug_str     0x0000000000004c98       0x29 ./src/dr/DR_PINSEL.o
                                       0x2f89 (size before relaxing)
 .debug_str     0x0000000000004cc1       0x22 ./src/dr/DR_PLL.o
                                       0x33dc (size before relaxing)
 .debug_str     0x0000000000004ce3       0x3a ./src/dr/DR_SysTick.o
                                       0x48d6 (size before relaxing)
 .debug_str     0x0000000000004d1d       0xcc ./src/dr/DR_UART.o
                                       0x3e25 (size before relaxing)
 .debug_str     0x0000000000004de9      0x1c6 ./src/cr_startup_lpc175x_6x.o
                                       0x2f81 (size before relaxing)
 .debug_str     0x0000000000004faf       0xe9 ./src/crp.o
                                       0x2e8e (size before relaxing)
 .debug_str     0x0000000000005098      0x45f ./src/testing.o
                                       0x32f9 (size before relaxing)

.comment        0x0000000000000000       0x75
 .comment       0x0000000000000000       0x75 ./src/sm/SM_blinking.o
                                         0x76 (size before relaxing)
 .comment       0x0000000000000075       0x76 ./src/sm/SM_operating.o
 .comment       0x0000000000000075       0x76 ./src/sm/SM_standby.o
 .comment       0x0000000000000075       0x76 ./src/sm/SM_system.o
 .comment       0x0000000000000075       0x76 ./src/pr/PR_Keyboard.o
 .comment       0x0000000000000075       0x76 ./src/pr/PR_LEDS.o
 .comment       0x0000000000000075       0x76 ./src/pr/PR_Timers.o
 .comment       0x0000000000000075       0x76 ./src/dr/DR_ADC.o
 .comment       0x0000000000000075       0x76 ./src/dr/DR_GPIO.o
 .comment       0x0000000000000075       0x76 ./src/dr/DR_Keyboard.o
 .comment       0x0000000000000075       0x76 ./src/dr/DR_NVIC.o
 .comment       0x0000000000000075       0x76 ./src/dr/DR_PINSEL.o
 .comment       0x0000000000000075       0x76 ./src/dr/DR_PLL.o
 .comment       0x0000000000000075       0x76 ./src/dr/DR_SysTick.o
 .comment       0x0000000000000075       0x76 ./src/dr/DR_UART.o
 .comment       0x0000000000000075       0x76 ./src/cr_startup_lpc175x_6x.o
 .comment       0x0000000000000075       0x76 ./src/crp.o
 .comment       0x0000000000000075       0x76 ./src/testing.o
 .comment       0x0000000000000075       0x76 /usr/local/mcuxpressoide-11.0.0_2516/ide/plugins/com.nxp.mcuxpresso.tools.linux_11.0.0.201905131304/tools/bin/../lib/gcc/arm-none-eabi/8.2.1/../../../../arm-none-eabi/lib/thumb/v7-m/nofp/libcr_c.a(__weak__main.o)

.ARM.attributes
                0x0000000000000000       0x2d
 .ARM.attributes
                0x0000000000000000       0x2d ./src/sm/SM_blinking.o
 .ARM.attributes
                0x000000000000002d       0x2d ./src/sm/SM_operating.o
 .ARM.attributes
                0x000000000000005a       0x2d ./src/sm/SM_standby.o
 .ARM.attributes
                0x0000000000000087       0x2d ./src/sm/SM_system.o
 .ARM.attributes
                0x00000000000000b4       0x2d ./src/pr/PR_Keyboard.o
 .ARM.attributes
                0x00000000000000e1       0x2d ./src/pr/PR_LEDS.o
 .ARM.attributes
                0x000000000000010e       0x2d ./src/pr/PR_Timers.o
 .ARM.attributes
                0x000000000000013b       0x2d ./src/dr/DR_ADC.o
 .ARM.attributes
                0x0000000000000168       0x2d ./src/dr/DR_GPIO.o
 .ARM.attributes
                0x0000000000000195       0x2d ./src/dr/DR_Keyboard.o
 .ARM.attributes
                0x00000000000001c2       0x2d ./src/dr/DR_NVIC.o
 .ARM.attributes
                0x00000000000001ef       0x2d ./src/dr/DR_PINSEL.o
 .ARM.attributes
                0x000000000000021c       0x2d ./src/dr/DR_PLL.o
 .ARM.attributes
                0x0000000000000249       0x2d ./src/dr/DR_SysTick.o
 .ARM.attributes
                0x0000000000000276       0x2d ./src/dr/DR_UART.o
 .ARM.attributes
                0x00000000000002a3       0x2d ./src/cr_startup_lpc175x_6x.o
 .ARM.attributes
                0x00000000000002d0       0x33 ./src/crp.o
 .ARM.attributes
                0x0000000000000303       0x2d ./src/testing.o
 .ARM.attributes
                0x0000000000000330       0x2d /usr/local/mcuxpressoide-11.0.0_2516/ide/plugins/com.nxp.mcuxpresso.tools.linux_11.0.0.201905131304/tools/bin/../lib/gcc/arm-none-eabi/8.2.1/../../../../arm-none-eabi/lib/thumb/v7-m/nofp/libcr_c.a(__weak__main.o)

.debug_frame    0x0000000000000000      0xa50
 .debug_frame   0x0000000000000000       0x34 ./src/sm/SM_blinking.o
 .debug_frame   0x0000000000000034       0x34 ./src/sm/SM_operating.o
 .debug_frame   0x0000000000000068       0x38 ./src/sm/SM_standby.o
 .debug_frame   0x00000000000000a0       0x88 ./src/sm/SM_system.o
 .debug_frame   0x0000000000000128       0x38 ./src/pr/PR_Keyboard.o
 .debug_frame   0x0000000000000160       0xc4 ./src/pr/PR_LEDS.o
 .debug_frame   0x0000000000000224      0x204 ./src/pr/PR_Timers.o
 .debug_frame   0x0000000000000428       0x90 ./src/dr/DR_ADC.o
 .debug_frame   0x00000000000004b8       0xd8 ./src/dr/DR_GPIO.o
 .debug_frame   0x0000000000000590       0x74 ./src/dr/DR_Keyboard.o
 .debug_frame   0x0000000000000604      0x104 ./src/dr/DR_NVIC.o
 .debug_frame   0x0000000000000708       0x38 ./src/dr/DR_PINSEL.o
 .debug_frame   0x0000000000000740       0x30 ./src/dr/DR_PLL.o
 .debug_frame   0x0000000000000770       0x4c ./src/dr/DR_SysTick.o
 .debug_frame   0x00000000000007bc       0xf8 ./src/dr/DR_UART.o
 .debug_frame   0x00000000000008b4      0x170 ./src/cr_startup_lpc175x_6x.o
 .debug_frame   0x0000000000000a24       0x2c ./src/testing.o

Cross Reference Table

Symbol                                            File
ADC_IRQHandler                                    ./src/dr/DR_ADC.o
ADC_Initialize                                    ./src/dr/DR_ADC.o
ALL_LEDS_Initialize                               ./src/pr/PR_LEDS.o
                                                  ./src/sm/SM_system.o
BOD_IRQHandler                                    ./src/cr_startup_lpc175x_6x.o
Blinking                                          ./src/sm/SM_blinking.o
                                                  ./src/sm/SM_operating.o
BusFault_Handler                                  ./src/cr_startup_lpc175x_6x.o
CANActivity_IRQHandler                            ./src/cr_startup_lpc175x_6x.o
CAN_IRQHandler                                    ./src/cr_startup_lpc175x_6x.o
CRP_WORD                                          ./src/crp.o
DAC_Initialize                                    ./src/dr/DR_ADC.o
DAC_SetValue                                      ./src/dr/DR_ADC.o
DMA_IRQHandler                                    ./src/cr_startup_lpc175x_6x.o
DebugMon_Handler                                  ./src/cr_startup_lpc175x_6x.o
EINT0_IRQHandler                                  ./src/dr/DR_NVIC.o
EINT1_IRQHandler                                  ./src/dr/DR_NVIC.o
EINT2_IRQHandler                                  ./src/dr/DR_NVIC.o
EINT3_IRQHandler                                  ./src/dr/DR_NVIC.o
ENET_IRQHandler                                   ./src/cr_startup_lpc175x_6x.o
GetKey                                            ./src/pr/PR_Keyboard.o
                                                  ./src/sm/SM_system.o
GetPIN                                            ./src/dr/DR_GPIO.o
                                                  ./src/dr/DR_Keyboard.o
                                                  ./src/pr/PR_LEDS.o
GetTimerFlag                                      ./src/pr/PR_Timers.o
                                                  ./src/sm/SM_blinking.o
GetTimerTime                                      ./src/pr/PR_Timers.o
HardFault_Handler                                 ./src/cr_startup_lpc175x_6x.o
I2C0_IRQHandler                                   ./src/cr_startup_lpc175x_6x.o
I2C1_IRQHandler                                   ./src/cr_startup_lpc175x_6x.o
I2C2_IRQHandler                                   ./src/cr_startup_lpc175x_6x.o
I2S_IRQHandler                                    ./src/cr_startup_lpc175x_6x.o
IntDefaultHandler                                 ./src/cr_startup_lpc175x_6x.o
KeyPressed                                        ./src/dr/DR_Keyboard.o
Keyboard_Daemon                                   ./src/dr/DR_Keyboard.o
                                                  ./src/dr/DR_SysTick.o
Keyboard_Initialize                               ./src/dr/DR_Keyboard.o
                                                  ./src/sm/SM_system.o
LED_Initialize                                    ./src/pr/PR_LEDS.o
LED_OFF                                           ./src/pr/PR_LEDS.o
                                                  ./src/sm/SM_blinking.o
LED_ON                                            ./src/pr/PR_LEDS.o
                                                  ./src/sm/SM_blinking.o
LED_Status                                        ./src/pr/PR_LEDS.o
MCPWM_IRQHandler                                  ./src/cr_startup_lpc175x_6x.o
MemManage_Handler                                 ./src/cr_startup_lpc175x_6x.o
NMI_Handler                                       ./src/cr_startup_lpc175x_6x.o
NVIC_Disable                                      ./src/dr/DR_NVIC.o
NVIC_EINT_Enable                                  ./src/dr/DR_NVIC.o
NVIC_Enable                                       ./src/dr/DR_NVIC.o
PLL0_IRQHandler                                   ./src/cr_startup_lpc175x_6x.o
PLL1_IRQHandler                                   ./src/cr_startup_lpc175x_6x.o
PLL_Initialize                                    ./src/dr/DR_PLL.o
                                                  ./src/sm/SM_system.o
PWM1_IRQHandler                                   ./src/cr_startup_lpc175x_6x.o
PendSV_Handler                                    ./src/cr_startup_lpc175x_6x.o
QEI_IRQHandler                                    ./src/cr_startup_lpc175x_6x.o
RIT_IRQHandler                                    ./src/cr_startup_lpc175x_6x.o
RTC_IRQHandler                                    ./src/cr_startup_lpc175x_6x.o
ResetISR                                          ./src/cr_startup_lpc175x_6x.o
SPI_IRQHandler                                    ./src/cr_startup_lpc175x_6x.o
SSP0_IRQHandler                                   ./src/cr_startup_lpc175x_6x.o
SSP1_IRQHandler                                   ./src/cr_startup_lpc175x_6x.o
SVC_Handler                                       ./src/cr_startup_lpc175x_6x.o
SendData                                          ./src/pr/PR_UART.o
SetDIR                                            ./src/dr/DR_GPIO.o
                                                  ./src/dr/DR_Keyboard.o
                                                  ./src/pr/PR_LEDS.o
SetMODE                                           ./src/dr/DR_GPIO.o
                                                  ./src/dr/DR_Keyboard.o
SetPIN                                            ./src/dr/DR_GPIO.o
                                                  ./src/pr/PR_LEDS.o
SetPINSEL                                         ./src/dr/DR_PINSEL.o
                                                  ./src/dr/DR_UART.o
                                                  ./src/dr/DR_NVIC.o
                                                  ./src/dr/DR_Keyboard.o
                                                  ./src/dr/DR_ADC.o
                                                  ./src/pr/PR_LEDS.o
SetPIN_ALT                                        ./src/dr/DR_GPIO.o
SysTick_Handler                                   ./src/dr/DR_SysTick.o
SysTick_Initialize                                ./src/dr/DR_SysTick.o
                                                  ./src/sm/SM_system.o
SystemConfigure                                   ./src/sm/SM_system.o
                                                  ./src/testing.o
SystemInitialize                                  ./src/sm/SM_system.o
                                                  ./src/testing.o
SystemInterrupts                                  ./src/sm/SM_system.o
                                                  ./src/testing.o
SystemOperating                                   ./src/sm/SM_operating.o
                                                  ./src/sm/SM_system.o
SystemRun                                         ./src/sm/SM_system.o
                                                  ./src/testing.o
SystemStandby                                     ./src/sm/SM_standby.o
                                                  ./src/sm/SM_system.o
TIMER0_IRQHandler                                 ./src/cr_startup_lpc175x_6x.o
TIMER1_IRQHandler                                 ./src/cr_startup_lpc175x_6x.o
TIMER2_IRQHandler                                 ./src/cr_startup_lpc175x_6x.o
TIMER3_IRQHandler                                 ./src/cr_startup_lpc175x_6x.o
TimerClear                                        ./src/pr/PR_Timers.o
                                                  ./src/sm/SM_blinking.o
TimerEvents                                       ./src/pr/PR_Timers.o
                                                  ./src/sm/SM_system.o
TimerPause                                        ./src/pr/PR_Timers.o
TimerResume                                       ./src/pr/PR_Timers.o
TimerSet                                          ./src/pr/PR_Timers.o
                                                  ./src/sm/SM_blinking.o
TimerSetAndStart                                  ./src/pr/PR_Timers.o
TimerStart                                        ./src/pr/PR_Timers.o
                                                  ./src/sm/SM_blinking.o
TimerStop                                         ./src/pr/PR_Timers.o
TimersClear                                       ./src/pr/PR_Timers.o
Timers_Daemon                                     ./src/pr/PR_Timers.o
                                                  ./src/dr/DR_SysTick.o
Timers_Initialize                                 ./src/pr/PR_Timers.o
                                                  ./src/sm/SM_system.o
UART0_IRQHandler                                  ./src/dr/DR_UART.o
UART1_IRQHandler                                  ./src/cr_startup_lpc175x_6x.o
UART2_IRQHandler                                  ./src/cr_startup_lpc175x_6x.o
UART3_IRQHandler                                  ./src/cr_startup_lpc175x_6x.o
UARTn_Initialize                                  ./src/dr/DR_UART.o
                                                  ./src/sm/SM_system.o
UARTn_PopRx                                       ./src/dr/DR_UART.o
UARTn_PopTx                                       ./src/dr/DR_UART.o
UARTn_PushRx                                      ./src/dr/DR_UART.o
UARTn_PushTx                                      ./src/dr/DR_UART.o
                                                  ./src/pr/PR_UART.o
USBActivity_IRQHandler                            ./src/cr_startup_lpc175x_6x.o
USB_IRQHandler                                    ./src/cr_startup_lpc175x_6x.o
UsageFault_Handler                                ./src/cr_startup_lpc175x_6x.o
WDT_IRQHandler                                    ./src/cr_startup_lpc175x_6x.o
__bss_section_table_end                           ./src/cr_startup_lpc175x_6x.o
__data_section_table                              ./src/cr_startup_lpc175x_6x.o
__data_section_table_end                          ./src/cr_startup_lpc175x_6x.o
__main                                            /usr/local/mcuxpressoide-11.0.0_2516/ide/plugins/com.nxp.mcuxpresso.tools.linux_11.0.0.201905131304/tools/bin/../lib/gcc/arm-none-eabi/8.2.1/../../../../arm-none-eabi/lib/thumb/v7-m/nofp/libcr_c.a(__weak__main.o)
                                                  ./src/cr_startup_lpc175x_6x.o
__valid_user_code_checksum                        ./src/cr_startup_lpc175x_6x.o
__weak_main                                       /usr/local/mcuxpressoide-11.0.0_2516/ide/plugins/com.nxp.mcuxpresso.tools.linux_11.0.0.201905131304/tools/bin/../lib/gcc/arm-none-eabi/8.2.1/../../../../arm-none-eabi/lib/thumb/v7-m/nofp/libcr_c.a(__weak__main.o)
_vStackTop                                        ./src/cr_startup_lpc175x_6x.o
bss_init                                          ./src/cr_startup_lpc175x_6x.o
data_init                                         ./src/cr_startup_lpc175x_6x.o
flag_EXTINT0                                      ./src/dr/DR_NVIC.o
                                                  ./src/sm/SM_system.o
flag_EXTINT1                                      ./src/dr/DR_NVIC.o
                                                  ./src/sm/SM_system.o
flag_EXTINT2                                      ./src/dr/DR_NVIC.o
                                                  ./src/sm/SM_system.o
flag_EXTINT3                                      ./src/dr/DR_NVIC.o
                                                  ./src/sm/SM_system.o
g_bufferRx0                                       ./src/dr/DR_UART.o
g_bufferRx1                                       ./src/dr/DR_UART.o
g_bufferTx0                                       ./src/dr/DR_UART.o
g_bufferTx1                                       ./src/dr/DR_UART.o
g_inRx0                                           ./src/dr/DR_UART.o
g_inRx1                                           ./src/dr/DR_UART.o
g_inTx0                                           ./src/dr/DR_UART.o
g_inTx1                                           ./src/dr/DR_UART.o
g_keyboardBuffer                                  ./src/dr/DR_Keyboard.o
                                                  ./src/pr/PR_Keyboard.o
g_outRx0                                          ./src/dr/DR_UART.o
g_outRx1                                          ./src/dr/DR_UART.o
g_outTx0                                          ./src/dr/DR_UART.o
g_outTx1                                          ./src/dr/DR_UART.o
g_pfnVectors                                      ./src/cr_startup_lpc175x_6x.o
g_systemState                                     ./src/sm/SM_system.o
g_timer                                           ./src/pr/PR_Timers.o
main                                              ./src/testing.o
                                                  /usr/local/mcuxpressoide-11.0.0_2516/ide/plugins/com.nxp.mcuxpresso.tools.linux_11.0.0.201905131304/tools/bin/../lib/gcc/arm-none-eabi/8.2.1/../../../../arm-none-eabi/lib/thumb/v7-m/nofp/libcr_c.a(__weak__main.o)
