PR_Timers.c:13:6:Timers_Initialize	16	static
PR_Timers.c:23:6:Timers_Daemon	16	static
PR_Timers.c:38:6:TimerSet	24	static
PR_Timers.c:59:6:TimerStart	16	static
PR_Timers.c:67:6:TimerSetAndStart	24	static
PR_Timers.c:72:6:TimerStop	16	static
PR_Timers.c:82:10:GetTimerTime	16	static
PR_Timers.c:86:10:GetTimerFlag	16	static
PR_Timers.c:90:6:TimerPause	16	static
PR_Timers.c:98:6:TimerResume	16	static
PR_Timers.c:108:6:TimerEvents	16	static
PR_Timers.c:122:6:TimersClear	8	static
PR_Timers.c:127:6:TimerClear	16	static
